// Jest Snapshot v1, https://goo.gl/fbAQLP

exports[`BatchTransferCommand constructor should have valid schema 1`] = `
{
  "$id": "token_factory/batchTransferParams",
  "properties": {
    "recipients": {
      "fieldNumber": 2,
      "items": {
        "properties": {
          "amount": {
            "dataType": "uint64",
            "fieldNumber": 2,
          },
          "recipient": {
            "dataType": "bytes",
            "fieldNumber": 1,
          },
        },
        "required": [
          "recipient",
          "amount",
        ],
        "type": "object",
      },
      "maxItems": 20,
      "minItems": 1,
      "type": "array",
    },
    "tokenID": {
      "dataType": "bytes",
      "fieldNumber": 1,
    },
  },
  "required": [
    "tokenID",
    "recipients",
  ],
  "title": "Transfer transaction params",
  "type": "object",
}
`;
