// Jest Snapshot v1, https://goo.gl/fbAQLP

exports[`BurnCommand constructor should have valid schema 1`] = `
{
  "$id": "token_factory/burnParams",
  "properties": {
    "amount": {
      "dataType": "uint64",
      "fieldNumber": 2,
    },
    "tokenID": {
      "dataType": "bytes",
      "fieldNumber": 1,
    },
  },
  "required": [
    "tokenID",
    "amount",
  ],
  "title": "Burns tokens that the creator of the token owns",
  "type": "object",
}
`;
