// Jest Snapshot v1, https://goo.gl/fbAQLP

exports[`MintCommand constructor should have valid schema 1`] = `
{
  "$id": "token_factory/mintParams",
  "properties": {
    "amount": {
      "dataType": "uint64",
      "fieldNumber": 2,
    },
    "recipient": {
      "dataType": "bytes",
      "fieldNumber": 3,
      "format": "klayr32",
    },
    "tokenID": {
      "dataType": "bytes",
      "fieldNumber": 1,
    },
  },
  "required": [
    "amount",
    "recipient",
  ],
  "title": "Mints extra tokens to a recipient",
  "type": "object",
}
`;
